// Jest Snapshot v1, https://goo.gl/fbAQLP

exports[`Content renders correctly 1`] = `
<div
  className="content"
>
  <div
    className="content__header"
  >
    <h1
      className="content__title"
    >
      test
    </h1>
    <div
      className="content__description"
    />
    <div
      className="content__author"
    >
      Test name
      <span
        className="content__bar"
      />
      2021년 9월 9일
    </div>
  </div>
  <div
    className="adfit content_adfit"
  >
    <div
      className="ad_area"
    />
  </div>
  <div
    className="content__body"
    dangerouslySetInnerHTML={
      Object {
        "__html": "<p>test</p>",
      }
    }
  />
</div>
`;
