// Jest Snapshot v1, https://goo.gl/fbAQLP

exports[`Author renders correctly 1`] = `
<div
  className="author"
>
  <div
    className="adfit author_adfit"
  >
    <div
      className="ad_area"
    />
  </div>
  <p
    className="author__bio"
  >
    Test bio
    <a
      className="author__bio-twitter"
      href="https://github.com/#"
      rel="noopener noreferrer"
      target="_blank"
    >
      <strong>
        Test name
      </strong>
       on Github
    </a>
  </p>
</div>
`;
